{"timestamp":"2026-05-21T22:00:00.433307Z","level":"info","event":"DAG bundles loaded: dags-folder","logger":"airflow.dag_processing.bundles.manager.DagBundlesManager","filename":"manager.py","lineno":209}
{"timestamp":"2026-05-21T22:00:00.435400Z","level":"info","event":"Filling up the DagBag from /opt/airflow/dags/ecobici_pipeline.py","logger":"airflow.dag_processing.dagbag.BundleDagBag","filename":"dagbag.py","lineno":469}
{"timestamp":"2026-05-21T22:00:00.666513Z","level":"warning","event":"The `airflow.operators.python.PythonOperator` attribute is deprecated. Please use `'airflow.providers.standard.operators.python.PythonOperator'`.","category":"UserWarning","filename":"/opt/airflow/dags/ecobici_pipeline.py","lineno":11,"logger":"py.warnings"}
{"timestamp":"2026-05-21T22:00:01.321030Z","level":"info","event":"Rows read      : 1594967","logger":"task.stdout"}
{"timestamp":"2026-05-21T22:00:01.321591Z","level":"info","event":"Columns        : ['genero_usuario', 'edad_usuario', 'bici', 'ciclo_estacion_retiro', 'fecha_retiro', 'hora_retiro', 'ciclo_estacion_arribo', 'fecha_arribo', 'hora_arribo']","logger":"task.stdout"}
{"timestamp":"2026-05-21T22:00:01.322149Z","level":"info","event":"Null counts    :","logger":"task.stdout"}
{"timestamp":"2026-05-21T22:00:01.322571Z","level":"info","event":"shape: (1, 9)","logger":"task.stdout"}
{"timestamp":"2026-05-21T22:00:01.322970Z","level":"info","event":"┌────────────┬────────────┬──────┬────────────┬───┬────────────┬───────────┬───────────┬───────────┐","logger":"task.stdout"}
{"timestamp":"2026-05-21T22:00:01.323360Z","level":"info","event":"│ genero_usu ┆ edad_usuar ┆ bici ┆ ciclo_esta ┆ … ┆ hora_retir ┆ ciclo_est ┆ fecha_arr ┆ hora_arri │","logger":"task.stdout"}
{"timestamp":"2026-05-21T22:00:01.323681Z","level":"info","event":"│ ario       ┆ io         ┆ ---  ┆ cion_retir ┆   ┆ o          ┆ acion_arr ┆ ibo       ┆ bo        │","logger":"task.stdout"}
{"timestamp":"2026-05-21T22:00:01.324055Z","level":"info","event":"│ ---        ┆ ---        ┆ u32  ┆ o          ┆   ┆ ---        ┆ ibo       ┆ ---       ┆ ---       │","logger":"task.stdout"}
{"timestamp":"2026-05-21T22:00:01.326163Z","level":"info","event":"│ u32        ┆ u32        ┆      ┆ ---        ┆   ┆ u32        ┆ ---       ┆ u32       ┆ u32       │","logger":"task.stdout"}
{"timestamp":"2026-05-21T22:00:01.326980Z","level":"info","event":"│            ┆            ┆      ┆ u32        ┆   ┆            ┆ u32       ┆           ┆           │","logger":"task.stdout"}
{"timestamp":"2026-05-21T22:00:01.327498Z","level":"info","event":"╞════════════╪════════════╪══════╪════════════╪═══╪════════════╪═══════════╪═══════════╪═══════════╡","logger":"task.stdout"}
{"timestamp":"2026-05-21T22:00:01.327863Z","level":"info","event":"│ 0          ┆ 0          ┆ 0    ┆ 0          ┆ … ┆ 0          ┆ 0         ┆ 0         ┆ 0         │","logger":"task.stdout"}
{"timestamp":"2026-05-21T22:00:01.328176Z","level":"info","event":"└────────────┴────────────┴──────┴────────────┴───┴────────────┴───────────┴───────────┴───────────┘","logger":"task.stdout"}
{"timestamp":"2026-05-21T22:00:01.425799Z","level":"info","event":"Invalid gender removed : 77948","logger":"task.stdout"}
{"timestamp":"2026-05-21T22:00:01.454256Z","level":"info","event":"Invalid age removed    : 91","logger":"task.stdout"}
{"timestamp":"2026-05-21T22:00:01.469964Z","level":"info","event":"Unparseable dates removed: 0","logger":"task.stdout"}
{"timestamp":"2026-05-21T22:00:01.647346Z","level":"info","event":"Invalid duration removed : 46","logger":"task.stdout"}
{"timestamp":"2026-05-21T22:00:02.001659Z","level":"info","event":"Duplicates removed     : 0","logger":"task.stdout"}
{"timestamp":"2026-05-21T22:00:02.103477Z","level":"info","event":"Rows after cleaning    : 1516882","logger":"task.stdout"}
{"timestamp":"2026-05-21T22:00:02.192823Z","level":"info","event":"  [2026/03] 104 existing + 104 new → 104 total","logger":"task.stdout"}
{"timestamp":"2026-05-21T22:00:02.295553Z","level":"info","event":"  Saved → bck-bronze/ecobici/year=2026/month=03/ecobici.parquet  (6,129 bytes)","logger":"task.stdout"}
{"timestamp":"2026-05-21T22:00:03.359249Z","level":"info","event":"  [2026/04] 1516778 existing + 1516778 new → 1516778 total","logger":"task.stdout"}
{"timestamp":"2026-05-21T22:00:04.143100Z","level":"info","event":"  Saved → bck-bronze/ecobici/year=2026/month=04/ecobici.parquet  (24,286,383 bytes)","logger":"task.stdout"}
{"timestamp":"2026-05-21T22:00:04.144879Z","level":"info","event":"Done. Returned value was: None","logger":"airflow.task.operators.airflow.providers.standard.operators.python.PythonOperator","filename":"python.py","lineno":229}
