{"timestamp":"2026-05-22T01:00:00.484501Z","level":"info","event":"DAG bundles loaded: dags-folder","logger":"airflow.dag_processing.bundles.manager.DagBundlesManager","filename":"manager.py","lineno":209}
{"timestamp":"2026-05-22T01:00:00.486703Z","level":"info","event":"Filling up the DagBag from /opt/airflow/dags/ecobici_pipeline.py","logger":"airflow.dag_processing.dagbag.BundleDagBag","filename":"dagbag.py","lineno":469}
{"timestamp":"2026-05-22T01:00:00.704110Z","level":"warning","event":"The `airflow.operators.python.PythonOperator` attribute is deprecated. Please use `'airflow.providers.standard.operators.python.PythonOperator'`.","category":"UserWarning","filename":"/opt/airflow/dags/ecobici_pipeline.py","lineno":11,"logger":"py.warnings"}
{"timestamp":"2026-05-22T01:00:01.405216Z","level":"info","event":"Rows read      : 1594967","logger":"task.stdout"}
{"timestamp":"2026-05-22T01:00:01.405730Z","level":"info","event":"Columns        : ['genero_usuario', 'edad_usuario', 'bici', 'ciclo_estacion_retiro', 'fecha_retiro', 'hora_retiro', 'ciclo_estacion_arribo', 'fecha_arribo', 'hora_arribo']","logger":"task.stdout"}
{"timestamp":"2026-05-22T01:00:01.407532Z","level":"info","event":"Null counts    :","logger":"task.stdout"}
{"timestamp":"2026-05-22T01:00:01.410003Z","level":"info","event":"shape: (1, 9)","logger":"task.stdout"}
{"timestamp":"2026-05-22T01:00:01.411501Z","level":"info","event":"┌────────────┬────────────┬──────┬────────────┬───┬────────────┬───────────┬───────────┬───────────┐","logger":"task.stdout"}
{"timestamp":"2026-05-22T01:00:01.412797Z","level":"info","event":"│ genero_usu ┆ edad_usuar ┆ bici ┆ ciclo_esta ┆ … ┆ hora_retir ┆ ciclo_est ┆ fecha_arr ┆ hora_arri │","logger":"task.stdout"}
{"timestamp":"2026-05-22T01:00:01.413605Z","level":"info","event":"│ ario       ┆ io         ┆ ---  ┆ cion_retir ┆   ┆ o          ┆ acion_arr ┆ ibo       ┆ bo        │","logger":"task.stdout"}
{"timestamp":"2026-05-22T01:00:01.414681Z","level":"info","event":"│ ---        ┆ ---        ┆ u32  ┆ o          ┆   ┆ ---        ┆ ibo       ┆ ---       ┆ ---       │","logger":"task.stdout"}
{"timestamp":"2026-05-22T01:00:01.415095Z","level":"info","event":"│ u32        ┆ u32        ┆      ┆ ---        ┆   ┆ u32        ┆ ---       ┆ u32       ┆ u32       │","logger":"task.stdout"}
{"timestamp":"2026-05-22T01:00:01.416058Z","level":"info","event":"│            ┆            ┆      ┆ u32        ┆   ┆            ┆ u32       ┆           ┆           │","logger":"task.stdout"}
{"timestamp":"2026-05-22T01:00:01.417319Z","level":"info","event":"╞════════════╪════════════╪══════╪════════════╪═══╪════════════╪═══════════╪═══════════╪═══════════╡","logger":"task.stdout"}
{"timestamp":"2026-05-22T01:00:01.417979Z","level":"info","event":"│ 0          ┆ 0          ┆ 0    ┆ 0          ┆ … ┆ 0          ┆ 0         ┆ 0         ┆ 0         │","logger":"task.stdout"}
{"timestamp":"2026-05-22T01:00:01.421031Z","level":"info","event":"└────────────┴────────────┴──────┴────────────┴───┴────────────┴───────────┴───────────┴───────────┘","logger":"task.stdout"}
{"timestamp":"2026-05-22T01:00:01.550904Z","level":"info","event":"Invalid gender removed : 77948","logger":"task.stdout"}
{"timestamp":"2026-05-22T01:00:01.581455Z","level":"info","event":"Invalid age removed    : 91","logger":"task.stdout"}
{"timestamp":"2026-05-22T01:00:01.600852Z","level":"info","event":"Unparseable dates removed: 0","logger":"task.stdout"}
{"timestamp":"2026-05-22T01:00:01.763228Z","level":"info","event":"Invalid duration removed : 46","logger":"task.stdout"}
{"timestamp":"2026-05-22T01:00:02.134806Z","level":"info","event":"Duplicates removed     : 0","logger":"task.stdout"}
{"timestamp":"2026-05-22T01:00:02.234398Z","level":"info","event":"Rows after cleaning    : 1516882","logger":"task.stdout"}
{"timestamp":"2026-05-22T01:00:02.320749Z","level":"info","event":"  [2026/03] 104 existing + 104 new → 104 total","logger":"task.stdout"}
{"timestamp":"2026-05-22T01:00:02.427498Z","level":"info","event":"  Saved → bck-bronze/ecobici/year=2026/month=03/ecobici.parquet  (6,116 bytes)","logger":"task.stdout"}
{"timestamp":"2026-05-22T01:00:03.397040Z","level":"info","event":"  [2026/04] 1516778 existing + 1516778 new → 1516778 total","logger":"task.stdout"}
{"timestamp":"2026-05-22T01:00:04.273552Z","level":"info","event":"  Saved → bck-bronze/ecobici/year=2026/month=04/ecobici.parquet  (24,290,485 bytes)","logger":"task.stdout"}
{"timestamp":"2026-05-22T01:00:04.275377Z","level":"info","event":"Done. Returned value was: None","logger":"airflow.task.operators.airflow.providers.standard.operators.python.PythonOperator","filename":"python.py","lineno":229}
