{"timestamp":"2026-05-21T21:24:33.657138Z","level":"info","event":"DAG bundles loaded: dags-folder","logger":"airflow.dag_processing.bundles.manager.DagBundlesManager","filename":"manager.py","lineno":209}
{"timestamp":"2026-05-21T21:24:33.660403Z","level":"info","event":"Filling up the DagBag from /opt/airflow/dags/ecobici_pipeline.py","logger":"airflow.dag_processing.dagbag.BundleDagBag","filename":"dagbag.py","lineno":469}
{"timestamp":"2026-05-21T21:24:33.924902Z","level":"warning","event":"The `airflow.operators.python.PythonOperator` attribute is deprecated. Please use `'airflow.providers.standard.operators.python.PythonOperator'`.","category":"UserWarning","filename":"/opt/airflow/dags/ecobici_pipeline.py","lineno":11,"logger":"py.warnings"}
{"timestamp":"2026-05-21T21:24:34.820378Z","level":"info","event":"Rows read      : 1594967","logger":"task.stdout"}
{"timestamp":"2026-05-21T21:24:34.821099Z","level":"info","event":"Columns        : ['genero_usuario', 'edad_usuario', 'bici', 'ciclo_estacion_retiro', 'fecha_retiro', 'hora_retiro', 'ciclo_estacion_arribo', 'fecha_arribo', 'hora_arribo']","logger":"task.stdout"}
{"timestamp":"2026-05-21T21:24:34.821685Z","level":"info","event":"Null counts    :","logger":"task.stdout"}
{"timestamp":"2026-05-21T21:24:34.822111Z","level":"info","event":"shape: (1, 9)","logger":"task.stdout"}
{"timestamp":"2026-05-21T21:24:34.822581Z","level":"info","event":"┌────────────┬────────────┬──────┬────────────┬───┬────────────┬───────────┬───────────┬───────────┐","logger":"task.stdout"}
{"timestamp":"2026-05-21T21:24:34.825077Z","level":"info","event":"│ genero_usu ┆ edad_usuar ┆ bici ┆ ciclo_esta ┆ … ┆ hora_retir ┆ ciclo_est ┆ fecha_arr ┆ hora_arri │","logger":"task.stdout"}
{"timestamp":"2026-05-21T21:24:34.825777Z","level":"info","event":"│ ario       ┆ io         ┆ ---  ┆ cion_retir ┆   ┆ o          ┆ acion_arr ┆ ibo       ┆ bo        │","logger":"task.stdout"}
{"timestamp":"2026-05-21T21:24:34.826271Z","level":"info","event":"│ ---        ┆ ---        ┆ u32  ┆ o          ┆   ┆ ---        ┆ ibo       ┆ ---       ┆ ---       │","logger":"task.stdout"}
{"timestamp":"2026-05-21T21:24:34.826712Z","level":"info","event":"│ u32        ┆ u32        ┆      ┆ ---        ┆   ┆ u32        ┆ ---       ┆ u32       ┆ u32       │","logger":"task.stdout"}
{"timestamp":"2026-05-21T21:24:34.827345Z","level":"info","event":"│            ┆            ┆      ┆ u32        ┆   ┆            ┆ u32       ┆           ┆           │","logger":"task.stdout"}
{"timestamp":"2026-05-21T21:24:34.827831Z","level":"info","event":"╞════════════╪════════════╪══════╪════════════╪═══╪════════════╪═══════════╪═══════════╪═══════════╡","logger":"task.stdout"}
{"timestamp":"2026-05-21T21:24:34.830678Z","level":"info","event":"│ 0          ┆ 0          ┆ 0    ┆ 0          ┆ … ┆ 0          ┆ 0         ┆ 0         ┆ 0         │","logger":"task.stdout"}
{"timestamp":"2026-05-21T21:24:34.831166Z","level":"info","event":"└────────────┴────────────┴──────┴────────────┴───┴────────────┴───────────┴───────────┴───────────┘","logger":"task.stdout"}
{"timestamp":"2026-05-21T21:24:34.958337Z","level":"info","event":"Invalid gender removed : 77948","logger":"task.stdout"}
{"timestamp":"2026-05-21T21:24:35.022305Z","level":"info","event":"Invalid age removed    : 91","logger":"task.stdout"}
{"timestamp":"2026-05-21T21:24:35.053526Z","level":"info","event":"Unparseable dates removed: 0","logger":"task.stdout"}
{"timestamp":"2026-05-21T21:24:35.246352Z","level":"info","event":"Invalid duration removed : 46","logger":"task.stdout"}
{"timestamp":"2026-05-21T21:24:36.203833Z","level":"info","event":"Duplicates removed     : 0","logger":"task.stdout"}
{"timestamp":"2026-05-21T21:24:36.321325Z","level":"info","event":"Rows after cleaning    : 1516882","logger":"task.stdout"}
{"timestamp":"2026-05-21T21:24:36.415367Z","level":"info","event":"  [2026/03] New partition with 104 rows","logger":"task.stdout"}
{"timestamp":"2026-05-21T21:24:36.541117Z","level":"info","event":"  Saved → bck-bronze/ecobici/year=2026/month=03/ecobici.parquet  (6,145 bytes)","logger":"task.stdout"}
{"timestamp":"2026-05-21T21:24:36.593535Z","level":"info","event":"  [2026/04] New partition with 1516778 rows","logger":"task.stdout"}
{"timestamp":"2026-05-21T21:24:37.479035Z","level":"info","event":"  Saved → bck-bronze/ecobici/year=2026/month=04/ecobici.parquet  (24,285,854 bytes)","logger":"task.stdout"}
{"timestamp":"2026-05-21T21:24:37.478991Z","level":"info","event":"Done. Returned value was: None","logger":"airflow.task.operators.airflow.providers.standard.operators.python.PythonOperator","filename":"python.py","lineno":229}
