{"timestamp":"2026-05-21T21:30:00.316773Z","level":"info","event":"DAG bundles loaded: dags-folder","logger":"airflow.dag_processing.bundles.manager.DagBundlesManager","filename":"manager.py","lineno":209}
{"timestamp":"2026-05-21T21:30:00.321221Z","level":"info","event":"Filling up the DagBag from /opt/airflow/dags/ecobici_pipeline.py","logger":"airflow.dag_processing.dagbag.BundleDagBag","filename":"dagbag.py","lineno":469}
{"timestamp":"2026-05-21T21:30:00.571003Z","level":"warning","event":"The `airflow.operators.python.PythonOperator` attribute is deprecated. Please use `'airflow.providers.standard.operators.python.PythonOperator'`.","category":"UserWarning","filename":"/opt/airflow/dags/ecobici_pipeline.py","lineno":11,"logger":"py.warnings"}
{"timestamp":"2026-05-21T21:30:01.226347Z","level":"info","event":"Rows read      : 1594967","logger":"task.stdout"}
{"timestamp":"2026-05-21T21:30:01.227011Z","level":"info","event":"Columns        : ['genero_usuario', 'edad_usuario', 'bici', 'ciclo_estacion_retiro', 'fecha_retiro', 'hora_retiro', 'ciclo_estacion_arribo', 'fecha_arribo', 'hora_arribo']","logger":"task.stdout"}
{"timestamp":"2026-05-21T21:30:01.227695Z","level":"info","event":"Null counts    :","logger":"task.stdout"}
{"timestamp":"2026-05-21T21:30:01.228269Z","level":"info","event":"shape: (1, 9)","logger":"task.stdout"}
{"timestamp":"2026-05-21T21:30:01.228714Z","level":"info","event":"┌────────────┬────────────┬──────┬────────────┬───┬────────────┬───────────┬───────────┬───────────┐","logger":"task.stdout"}
{"timestamp":"2026-05-21T21:30:01.229389Z","level":"info","event":"│ genero_usu ┆ edad_usuar ┆ bici ┆ ciclo_esta ┆ … ┆ hora_retir ┆ ciclo_est ┆ fecha_arr ┆ hora_arri │","logger":"task.stdout"}
{"timestamp":"2026-05-21T21:30:01.229753Z","level":"info","event":"│ ario       ┆ io         ┆ ---  ┆ cion_retir ┆   ┆ o          ┆ acion_arr ┆ ibo       ┆ bo        │","logger":"task.stdout"}
{"timestamp":"2026-05-21T21:30:01.230325Z","level":"info","event":"│ ---        ┆ ---        ┆ u32  ┆ o          ┆   ┆ ---        ┆ ibo       ┆ ---       ┆ ---       │","logger":"task.stdout"}
{"timestamp":"2026-05-21T21:30:01.232396Z","level":"info","event":"│ u32        ┆ u32        ┆      ┆ ---        ┆   ┆ u32        ┆ ---       ┆ u32       ┆ u32       │","logger":"task.stdout"}
{"timestamp":"2026-05-21T21:30:01.233157Z","level":"info","event":"│            ┆            ┆      ┆ u32        ┆   ┆            ┆ u32       ┆           ┆           │","logger":"task.stdout"}
{"timestamp":"2026-05-21T21:30:01.233762Z","level":"info","event":"╞════════════╪════════════╪══════╪════════════╪═══╪════════════╪═══════════╪═══════════╪═══════════╡","logger":"task.stdout"}
{"timestamp":"2026-05-21T21:30:01.234320Z","level":"info","event":"│ 0          ┆ 0          ┆ 0    ┆ 0          ┆ … ┆ 0          ┆ 0         ┆ 0         ┆ 0         │","logger":"task.stdout"}
{"timestamp":"2026-05-21T21:30:01.234946Z","level":"info","event":"└────────────┴────────────┴──────┴────────────┴───┴────────────┴───────────┴───────────┴───────────┘","logger":"task.stdout"}
{"timestamp":"2026-05-21T21:30:01.360435Z","level":"info","event":"Invalid gender removed : 77948","logger":"task.stdout"}
{"timestamp":"2026-05-21T21:30:01.391269Z","level":"info","event":"Invalid age removed    : 91","logger":"task.stdout"}
{"timestamp":"2026-05-21T21:30:01.420306Z","level":"info","event":"Unparseable dates removed: 0","logger":"task.stdout"}
{"timestamp":"2026-05-21T21:30:01.571865Z","level":"info","event":"Invalid duration removed : 46","logger":"task.stdout"}
{"timestamp":"2026-05-21T21:30:01.999188Z","level":"info","event":"Duplicates removed     : 0","logger":"task.stdout"}
{"timestamp":"2026-05-21T21:30:02.096123Z","level":"info","event":"Rows after cleaning    : 1516882","logger":"task.stdout"}
{"timestamp":"2026-05-21T21:30:03.637842Z","level":"info","event":"  [2026/04] 1516778 existing + 1516778 new → 1516778 total","logger":"task.stdout"}
{"timestamp":"2026-05-21T21:30:04.760402Z","level":"info","event":"  Saved → bck-bronze/ecobici/year=2026/month=04/ecobici.parquet  (24,282,782 bytes)","logger":"task.stdout"}
{"timestamp":"2026-05-21T21:30:04.798016Z","level":"info","event":"  [2026/03] 104 existing + 104 new → 104 total","logger":"task.stdout"}
{"timestamp":"2026-05-21T21:30:04.886667Z","level":"info","event":"  Saved → bck-bronze/ecobici/year=2026/month=03/ecobici.parquet  (6,135 bytes)","logger":"task.stdout"}
{"timestamp":"2026-05-21T21:30:04.887553Z","level":"info","event":"Done. Returned value was: None","logger":"airflow.task.operators.airflow.providers.standard.operators.python.PythonOperator","filename":"python.py","lineno":229}
